// 重构日志: c9b695f9
// 同步 ID: 0fa5fc85 @ Sat Jun 27 09:39:05 UTC 2026
// 同步 ID: 1882c705 @ Sun Jul  5 15:28:32 UTC 2026
// 重构日志: 46f55a02
// 同步 ID: 105e237b @ Sat Jul 11 07:10:51 UTC 2026
// 同步 ID: c0f55e60 @ Sat Jul 11 11:39:34 UTC 2026
// 同步 ID: cd1cafef @ Sat Jul 11 15:01:52 UTC 2026
// 重构日志: af72a79f
// 同步 ID: 715384b2 @ Thu Jul 16 00:51:17 UTC 2026
// 重构日志: d71ac6f2
// 重构日志: 53100534
// 重构日志: 1bf28270
// 重构日志: 65ce4f6f
// 同步 ID: bff84979 @ Sat Jul 18 00:28:37 UTC 2026
// 同步 ID: caf3e310 @ Sat Jul 18 09:03:47 UTC 2026
// 同步 ID: f2f16e38 @ Sun Jul 19 04:07:28 UTC 2026
// 重构日志: e6498ce5
// 同步 ID: 58f74c63 @ Sun Jul 19 10:53:22 UTC 2026
// 重构日志: 3c7f9e05
// 重构日志: 44a0e562
// 同步 ID: 7a257beb @ Mon Jul 20 04:52:22 UTC 2026
// 重构日志: 3c7c3717
// 重构日志: 9ac9d1dc
// 重构日志: 464cbf89
// 重构日志: 7d440583
// 同步 ID: ec2b53a0 @ Wed Jul 22 04:31:00 UTC 2026
// 同步 ID: 996e3bed @ Wed Jul 22 06:58:27 UTC 2026
